
Processing file-1764279009001-746694373.jpg:
  - Detected: 0 (ID: 0), Conf: 0.45

Processing file-1764279147582-875671932.jpeg:
  - Detected: 2 (ID: 2), Conf: 0.94
  - Detected: 0 (ID: 0), Conf: 0.92
  - Detected: 3 (ID: 3), Conf: 0.84
  - Detected: 2 (ID: 2), Conf: 0.80
  - Detected: 2 (ID: 2), Conf: 0.79
  - Detected: 2 (ID: 2), Conf: 0.78
  - Detected: 3 (ID: 3), Conf: 0.61
  - Detected: 2 (ID: 2), Conf: 0.49

Processing file-1764279181115-891827790.jpg:
  - Detected: 2 (ID: 2), Conf: 0.94
  - Detected: 0 (ID: 0), Conf: 0.92
  - Detected: 3 (ID: 3), Conf: 0.84
  - Detected: 2 (ID: 2), Conf: 0.80
  - Detected: 2 (ID: 2), Conf: 0.79
  - Detected: 2 (ID: 2), Conf: 0.78
  - Detected: 3 (ID: 3), Conf: 0.61
  - Detected: 2 (ID: 2), Conf: 0.49

Processing file-1764279328962-94877733.jpg:
  - Detected: 2 (ID: 2), Conf: 0.36
  - Detected: 2 (ID: 2), Conf: 0.29
  - Detected: 2 (ID: 2), Conf: 0.26

Processing file-1764279428502-72413675.jpg:

Processing file-1764279446418-209172159.jpg:

Processing file-1764279539369-376141224.jpg:
  - Detected: 3 (ID: 3), Conf: 0.94
  - Detected: 2 (ID: 2), Conf: 0.91
  - Detected: 2 (ID: 2), Conf: 0.85
  - Detected: 0 (ID: 0), Conf: 0.84
  - Detected: 2 (ID: 2), Conf: 0.62

Processing file-1764279613929-742641559.jpg:
  - Detected: 2 (ID: 2), Conf: 0.70
  - Detected: 2 (ID: 2), Conf: 0.45
  - Detected: 3 (ID: 3), Conf: 0.40
  - Detected: 2 (ID: 2), Conf: 0.39

Processing file-1764279705278-941993735.jpg:
  - Detected: 2 (ID: 2), Conf: 0.81
  - Detected: 2 (ID: 2), Conf: 0.71

Processing file-1764280350871-155007654.jpg:
  - Detected: 2 (ID: 2), Conf: 0.94
  - Detected: 0 (ID: 0), Conf: 0.92
  - Detected: 3 (ID: 3), Conf: 0.84
  - Detected: 2 (ID: 2), Conf: 0.80
  - Detected: 2 (ID: 2), Conf: 0.79
  - Detected: 2 (ID: 2), Conf: 0.78
  - Detected: 3 (ID: 3), Conf: 0.61
  - Detected: 2 (ID: 2), Conf: 0.49

Processing file-1764281333195-345740743.jpg:
  - Detected: Paredes/Pisos (ID: 2), Conf: 0.95
  - Detected: Techo (ID: 0), Conf: 0.93
  - Detected: Paredes/Pisos (ID: 2), Conf: 0.86
  - Detected: Ventanas/Puertas (ID: 3), Conf: 0.85
  - Detected: Paredes/Pisos (ID: 2), Conf: 0.50
  - Detected: Paredes/Pisos (ID: 2), Conf: 0.27

Processing file-1764281554518-678981255.jpg:
  - Detected: Ventanas/Puertas (ID: 3), Conf: 0.94
  - Detected: Paredes/Pisos (ID: 2), Conf: 0.91
  - Detected: Paredes/Pisos (ID: 2), Conf: 0.85
  - Detected: Techo (ID: 0), Conf: 0.84
  - Detected: Paredes/Pisos (ID: 2), Conf: 0.62

Processing file-1764282721849-471285648.jpg:
  - Detected: Paredes/Pisos (ID: 2), Conf: 0.95
  - Detected: Techo (ID: 0), Conf: 0.93
  - Detected: Paredes/Pisos (ID: 2), Conf: 0.86
  - Detected: Ventanas/Puertas (ID: 3), Conf: 0.85
  - Detected: Paredes/Pisos (ID: 2), Conf: 0.50
  - Detected: Paredes/Pisos (ID: 2), Conf: 0.27
